// Jest Snapshot v1, https://goo.gl/fbAQLP

exports[`Snapshot suite should change tab on click 1`] = `
<div
  class="active"
  data-test="section-content"
>
  <p
    class="content content1"
  >
    Enzyme is a JavaScript Testing utility for React that makes it easier to test your React Components output. You can also manipulate, traverse, and in some ways simulate runtime given the output.
  </p>
</div>
`;
